Removed Pin From Net: NetName=NetIC3_1 Pin=IC3-1
Removed Pin From Net: NetName=24v Pin=IC3-2
Removed Pin From Net: NetName=24v Pin=IC3-3
Removed Pin From Net: NetName=GND Pin=IC3-4
Removed Pin From Net: NetName=NetC4_1 Pin=IC3-5
Removed Pin From Net: NetName=NetC4_2 Pin=IC3-6
Removed Pin From Net: NetName=NetIC3_8 Pin=IC3-8
Change Component Designator: OldDesignator=2 NewDesignator=J1
Added Component: Designator=IC3(SOTFL50P160X60-8N)
Add component (AddParameter): Name = "Arrow Part Number"; Value = "TPS62933DRLR"; VariantName = "[No Variations]"
Add component (AddParameter): Name = "Arrow Price/Stock"; Value = "https://www.arrow.com/en/products/tps62933drlr/texas-instruments?utm_currency=USD&region=nac"; VariantName = "[No Variations]"
Add component (AddParameter): Name = "Datasheet Link"; Value = "https://www.ti.com/lit/ds/symlink/tps62933.pdf?ts=1626073394234"; VariantName = "[No Variations]"
Add component (AddParameter): Name = "Height"; Value = "0.6mm"; VariantName = "[No Variations]"
Add component (AddParameter): Name = "Manufacturer_Name"; Value = "Texas Instruments"; VariantName = "[No Variations]"
Add component (AddParameter): Name = "Manufacturer_Part_Number"; Value = "TPS62933DRLR"; VariantName = "[No Variations]"
Add component (AddParameter): Name = "Mouser Part Number"; Value = "595-TPS62933DRLR"; VariantName = "[No Variations]"
Add component (AddParameter): Name = "Mouser Price/Stock"; Value = "https://www.mouser.co.uk/ProductDetail/Texas-Instruments/TPS62933DRLR?qs=Rp5uXu7WBW9fv47wfQVntQ%3D%3D"; VariantName = "[No Variations]"
Added Pin To Net: NetName=NetIC3_1 Pin=IC3-1
Added Pin To Net: NetName=24v Pin=IC3-2
Added Pin To Net: NetName=24v Pin=IC3-3
Added Pin To Net: NetName=GND Pin=IC3-4
Added Pin To Net: NetName=NetC4_1 Pin=IC3-5
Added Pin To Net: NetName=NetC4_2 Pin=IC3-6
Added Pin To Net: NetName=NetIC3_8 Pin=IC3-8
Added Pin To Net: NetName=NetIC3_7 Pin=IC3-7
Added Pin To Net: NetName=NetIC3_7 Pin=R5-1
Added Net: Name=NetIC3_7
Change Class Name : Old Net Name=main relay and current sensor New Net Name=main relay and current sensor 
