Removed Pin From Net: NetName=2.5v mcu check Pin=IC2-7
Removed Pin From Net: NetName=ntc_3 Pin=IC2-9
Removed Pin From Net: NetName=ntc_4 Pin=IC2-10
Removed Pin From Net: NetName=ntc_1 Pin=IC2-11
Removed Pin From Net: NetName=ntc_2 Pin=IC2-12
Removed Pin From Net: NetName=CHARGE Pin=IC2-14
Removed Pin From Net: NetName=MCU_OK Pin=IC2-15
Removed Pin From Net: NetName=alert Pin=IC2-16
Removed Pin From Net: NetName=chr/dis current Pin=IC2-17
Added Pin To Net: NetName=chr/dis current Pin=IC2-7
Added Pin To Net: NetName=alert Pin=IC2-8
Added Pin To Net: NetName=MCU_OK Pin=IC2-10
Added Pin To Net: NetName=CHARGE Pin=IC2-11
Added Pin To Net: NetName=ntc_3 Pin=IC2-13
Added Pin To Net: NetName=ntc_4 Pin=IC2-14
Added Pin To Net: NetName=ntc_1 Pin=IC2-15
Added Pin To Net: NetName=ntc_2 Pin=IC2-16
Added Pin To Net: NetName=2.5v mcu check Pin=IC2-17
Added Pin To Net: NetName=NetIC2_9 Pin=IC2-9
Added Net: Name=NetIC2_9
Added Pin To Net: NetName=NetIC2_12 Pin=IC2-12
Added Net: Name=NetIC2_12
